Archive member included because of file (symbol)

/mnt/mini/mod2/morphix/files/avr/bin/../lib/gcc/avr/3.4.3/avr5/libgcc.a(_udivmodhi4.o)
                              simple.o (__udivmodhi4)
/mnt/mini/mod2/morphix/files/avr/bin/../lib/gcc/avr/3.4.3/avr5/libgcc.a(_clear_bss.o)
                              simple.o (__do_clear_bss)

Memory Configuration

Name             Origin             Length             Attributes
text             0x00000000         0x00020000         xr
data             0x00800060         0x0000ffa0         rw !x
eeprom           0x00810000         0x00010000         rw !x
*default*        0x00000000         0xffffffff

Linker script and memory map

Address of section .data set to 0x800100
LOAD /mnt/mini/mod2/morphix/files/avr/bin/../lib/gcc/avr/3.4.3/../../../../avr/lib/avr5/crtm128.o
LOAD simple.o
LOAD disp.o
LOAD /mnt/mini/mod2/morphix/files/avr/bin/../lib/gcc/avr/3.4.3/../../../../avr/lib/avr5/libm.a
LOAD /mnt/mini/mod2/morphix/files/avr/bin/../lib/gcc/avr/3.4.3/avr5/libgcc.a
LOAD /mnt/mini/mod2/morphix/files/avr/bin/../lib/gcc/avr/3.4.3/../../../../avr/lib/avr5/libc.a
LOAD /mnt/mini/mod2/morphix/files/avr/bin/../lib/gcc/avr/3.4.3/avr5/libgcc.a

.hash
 *(.hash)

.dynsym
 *(.dynsym)

.dynstr
 *(.dynstr)

.gnu.version
 *(.gnu.version)

.gnu.version_d
 *(.gnu.version_d)

.gnu.version_r
 *(.gnu.version_r)

.rel.init
 *(.rel.init)

.rela.init
 *(.rela.init)

.rel.text
 *(.rel.text)
 *(.rel.text.*)
 *(.rel.gnu.linkonce.t*)

.rela.text
 *(.rela.text)
 *(.rela.text.*)
 *(.rela.gnu.linkonce.t*)

.rel.fini
 *(.rel.fini)

.rela.fini
 *(.rela.fini)

.rel.rodata
 *(.rel.rodata)
 *(.rel.rodata.*)
 *(.rel.gnu.linkonce.r*)

.rela.rodata
 *(.rela.rodata)
 *(.rela.rodata.*)
 *(.rela.gnu.linkonce.r*)

.rel.data
 *(.rel.data)
 *(.rel.data.*)
 *(.rel.gnu.linkonce.d*)

.rela.data
 *(.rela.data)
 *(.rela.data.*)
 *(.rela.gnu.linkonce.d*)

.rel.ctors
 *(.rel.ctors)

.rela.ctors
 *(.rela.ctors)

.rel.dtors
 *(.rel.dtors)

.rela.dtors
 *(.rela.dtors)

.rel.got
 *(.rel.got)

.rela.got
 *(.rela.got)

.rel.bss
 *(.rel.bss)

.rela.bss
 *(.rela.bss)

.rel.plt
 *(.rel.plt)

.rela.plt
 *(.rela.plt)

.text           0x00000000      0xd7e
 *(.vectors)
 .vectors       0x00000000       0x8c /mnt/mini/mod2/morphix/files/avr/bin/../lib/gcc/avr/3.4.3/../../../../avr/lib/avr5/crtm128.o
                0x00000000                __vectors
                0x00000000                __vector_default
                0x0000008c                __ctors_start = .
 *(.ctors)
                0x0000008c                __ctors_end = .
                0x0000008c                __dtors_start = .
 *(.dtors)
                0x0000008c                __dtors_end = .
 *(.progmem.gcc*)
 *(.progmem*)
 .progmem.data  0x0000008c      0x597 disp.o
                0x0000008c                ascii_tab
                0x00000624                . = ALIGN (0x2)
 *fill*         0x00000623        0x1 00
 *(.init0)
 *(.init1)
 *(.init2)
 .init2         0x00000624        0xc /mnt/mini/mod2/morphix/files/avr/bin/../lib/gcc/avr/3.4.3/../../../../avr/lib/avr5/crtm128.o
 *(.init3)
 *(.init4)
 .init4         0x00000630       0x1a /mnt/mini/mod2/morphix/files/avr/bin/../lib/gcc/avr/3.4.3/../../../../avr/lib/avr5/crtm128.o
                0x00000630                __do_copy_data
 .init4         0x0000064a       0x10 /mnt/mini/mod2/morphix/files/avr/bin/../lib/gcc/avr/3.4.3/avr5/libgcc.a(_clear_bss.o)
                0x0000064a                __do_clear_bss
 *(.init5)
 *(.init6)
 *(.init7)
 *(.init8)
 *(.init9)
 .init9         0x0000065a        0x4 /mnt/mini/mod2/morphix/files/avr/bin/../lib/gcc/avr/3.4.3/../../../../avr/lib/avr5/crtm128.o
 *(.text)
 .text          0x0000065e        0x4 /mnt/mini/mod2/morphix/files/avr/bin/../lib/gcc/avr/3.4.3/../../../../avr/lib/avr5/crtm128.o
                0x0000065e                __vector_22
                0x0000065e                __vector_28
                0x0000065e                __vector_1
                0x0000065e                __vector_32
                0x0000065e                __vector_34
                0x0000065e                __vector_24
                0x0000065e                __vector_12
                0x0000065e                __bad_interrupt
                0x0000065e                __vector_6
                0x0000065e                __vector_31
                0x0000065e                __vector_3
                0x0000065e                __vector_23
                0x0000065e                __vector_30
                0x0000065e                __vector_25
                0x0000065e                __vector_11
                0x0000065e                __vector_13
                0x0000065e                __vector_17
                0x0000065e                __vector_19
                0x0000065e                __vector_7
                0x0000065e                __vector_27
                0x0000065e                __vector_5
                0x0000065e                __vector_33
                0x0000065e                __vector_4
                0x0000065e                __vector_9
                0x0000065e                __vector_2
                0x0000065e                __vector_21
                0x0000065e                __vector_15
                0x0000065e                __vector_29
                0x0000065e                __vector_8
                0x0000065e                __vector_26
                0x0000065e                __vector_14
                0x0000065e                __vector_10
                0x0000065e                __vector_16
                0x0000065e                __vector_18
                0x0000065e                __vector_20
 .text          0x00000662      0x1f8 simple.o
                0x000006b2                print_str
                0x00000662                ubi2dec
                0x0000070c                main
 .text          0x0000085a      0x4fc disp.o
                0x0000085a                port_init
                0x00000b4e                fill_screen
                0x0000087c                lcd_write
                0x000008aa                lcd_dat16
                0x0000089c                lcd_dat0
                0x000008c6                lcd_init_c
                0x000008be                lcd_cspulse
                0x00000884                lcd_cmd
                0x00000c10                put_char
                0x00000d56                . = ALIGN (0x2)
 *(.text.*)
 .text.libgcc   0x00000d56       0x28 /mnt/mini/mod2/morphix/files/avr/bin/../lib/gcc/avr/3.4.3/avr5/libgcc.a(_udivmodhi4.o)
                0x00000d56                __udivmodhi4
                0x00000d7e                . = ALIGN (0x2)
 *(.fini9)
 *(.fini8)
 *(.fini7)
 *(.fini6)
 *(.fini5)
 *(.fini4)
 *(.fini3)
 *(.fini2)
 *(.fini1)
 *(.fini0)
                0x00000d7e                _etext = .

.data           0x00800100       0x18 load address 0x00000d7e
                0x00800100                PROVIDE (__data_start, .)
 *(.data)
 .data          0x00800100       0x15 simple.o
                0x00800100                pot10
 .data          0x00800115        0x2 disp.o
                0x00800115                backcolor
 *(.gnu.linkonce.d*)
                0x00800118                . = ALIGN (0x2)
 *fill*         0x00800117        0x1 00
                0x00800118                _edata = .
                0x00800118                PROVIDE (__data_end, .)

.bss            0x00800118        0x2
                0x00800118                PROVIDE (__bss_start, .)
 *(.bss)
 .bss           0x00800118        0x2 disp.o
                0x00800118                textcolor
 *(COMMON)
                0x0080011a                PROVIDE (__bss_end, .)
                0x00000d7e                __data_load_start = LOADADDR (.data)
                0x00000d96                __data_load_end = (__data_load_start + SIZEOF (.data))

.noinit         0x0080011a        0x0
                0x0080011a                PROVIDE (__noinit_start, .)
 *(.noinit*)
                0x0080011a                PROVIDE (__noinit_end, .)
                0x0080011a                _end = .
                0x0080011a                PROVIDE (__heap_start, .)

.eeprom         0x00810000        0x0 load address 0x00000d96
 *(.eeprom*)
                0x00810000                __eeprom_end = .

.stab           0x00000000     0x2718
 *(.stab)
 .stab          0x00000000      0x33c /mnt/mini/mod2/morphix/files/avr/bin/../lib/gcc/avr/3.4.3/../../../../avr/lib/avr5/crtm128.o
 .stab          0x0000033c      0x6a8 simple.o
                                0x6b4 (size before relaxing)
 .stab          0x000009e4     0x1d34 disp.o
                               0x1dd0 (size before relaxing)

.stabstr        0x00000000      0xcfb
 *(.stabstr)
 .stabstr       0x00000000      0xcfb /mnt/mini/mod2/morphix/files/avr/bin/../lib/gcc/avr/3.4.3/../../../../avr/lib/avr5/crtm128.o
                                  0x0 (size before relaxing)

.stab.excl
 *(.stab.excl)

.stab.exclstr
 *(.stab.exclstr)

.stab.index
 *(.stab.index)

.stab.indexstr
 *(.stab.indexstr)

.comment
 *(.comment)

.debug
 *(.debug)

.line
 *(.line)

.debug_srcinfo
 *(.debug_srcinfo)

.debug_sfnames
 *(.debug_sfnames)

.debug_aranges
 *(.debug_aranges)

.debug_pubnames
 *(.debug_pubnames)

.debug_info
 *(.debug_info)
 *(.gnu.linkonce.wi.*)

.debug_abbrev
 *(.debug_abbrev)

.debug_line
 *(.debug_line)

.debug_frame
 *(.debug_frame)

.debug_str
 *(.debug_str)

.debug_loc
 *(.debug_loc)

.debug_macinfo
 *(.debug_macinfo)
OUTPUT(simple.elf elf32-avr)

Cross Reference Table

Symbol                                            File
__bad_interrupt                                   /mnt/mini/mod2/morphix/files/avr/bin/../lib/gcc/avr/3.4.3/../../../../avr/lib/avr5/crtm128.o
__bss_end                                         /mnt/mini/mod2/morphix/files/avr/bin/../lib/gcc/avr/3.4.3/avr5/libgcc.a(_clear_bss.o)
__bss_start                                       /mnt/mini/mod2/morphix/files/avr/bin/../lib/gcc/avr/3.4.3/avr5/libgcc.a(_clear_bss.o)
__data_end                                        /mnt/mini/mod2/morphix/files/avr/bin/../lib/gcc/avr/3.4.3/../../../../avr/lib/avr5/crtm128.o
__data_load_start                                 /mnt/mini/mod2/morphix/files/avr/bin/../lib/gcc/avr/3.4.3/../../../../avr/lib/avr5/crtm128.o
__data_start                                      /mnt/mini/mod2/morphix/files/avr/bin/../lib/gcc/avr/3.4.3/../../../../avr/lib/avr5/crtm128.o
__do_clear_bss                                    /mnt/mini/mod2/morphix/files/avr/bin/../lib/gcc/avr/3.4.3/avr5/libgcc.a(_clear_bss.o)
                                                  disp.o
                                                  simple.o
__do_copy_data                                    /mnt/mini/mod2/morphix/files/avr/bin/../lib/gcc/avr/3.4.3/../../../../avr/lib/avr5/crtm128.o
                                                  disp.o
                                                  simple.o
__heap_end                                        /mnt/mini/mod2/morphix/files/avr/bin/../lib/gcc/avr/3.4.3/../../../../avr/lib/avr5/crtm128.o
__init                                            /mnt/mini/mod2/morphix/files/avr/bin/../lib/gcc/avr/3.4.3/../../../../avr/lib/avr5/crtm128.o
__stack                                           /mnt/mini/mod2/morphix/files/avr/bin/../lib/gcc/avr/3.4.3/../../../../avr/lib/avr5/crtm128.o
                                                  simple.o
__udivmodhi4                                      /mnt/mini/mod2/morphix/files/avr/bin/../lib/gcc/avr/3.4.3/avr5/libgcc.a(_udivmodhi4.o)
                                                  simple.o
__vector_1                                        /mnt/mini/mod2/morphix/files/avr/bin/../lib/gcc/avr/3.4.3/../../../../avr/lib/avr5/crtm128.o
__vector_10                                       /mnt/mini/mod2/morphix/files/avr/bin/../lib/gcc/avr/3.4.3/../../../../avr/lib/avr5/crtm128.o
__vector_11                                       /mnt/mini/mod2/morphix/files/avr/bin/../lib/gcc/avr/3.4.3/../../../../avr/lib/avr5/crtm128.o
__vector_12                                       /mnt/mini/mod2/morphix/files/avr/bin/../lib/gcc/avr/3.4.3/../../../../avr/lib/avr5/crtm128.o
__vector_13                                       /mnt/mini/mod2/morphix/files/avr/bin/../lib/gcc/avr/3.4.3/../../../../avr/lib/avr5/crtm128.o
__vector_14                                       /mnt/mini/mod2/morphix/files/avr/bin/../lib/gcc/avr/3.4.3/../../../../avr/lib/avr5/crtm128.o
__vector_15                                       /mnt/mini/mod2/morphix/files/avr/bin/../lib/gcc/avr/3.4.3/../../../../avr/lib/avr5/crtm128.o
__vector_16                                       /mnt/mini/mod2/morphix/files/avr/bin/../lib/gcc/avr/3.4.3/../../../../avr/lib/avr5/crtm128.o
__vector_17                                       /mnt/mini/mod2/morphix/files/avr/bin/../lib/gcc/avr/3.4.3/../../../../avr/lib/avr5/crtm128.o
__vector_18                                       /mnt/mini/mod2/morphix/files/avr/bin/../lib/gcc/avr/3.4.3/../../../../avr/lib/avr5/crtm128.o
__vector_19                                       /mnt/mini/mod2/morphix/files/avr/bin/../lib/gcc/avr/3.4.3/../../../../avr/lib/avr5/crtm128.o
__vector_2                                        /mnt/mini/mod2/morphix/files/avr/bin/../lib/gcc/avr/3.4.3/../../../../avr/lib/avr5/crtm128.o
__vector_20                                       /mnt/mini/mod2/morphix/files/avr/bin/../lib/gcc/avr/3.4.3/../../../../avr/lib/avr5/crtm128.o
__vector_21                                       /mnt/mini/mod2/morphix/files/avr/bin/../lib/gcc/avr/3.4.3/../../../../avr/lib/avr5/crtm128.o
__vector_22                                       /mnt/mini/mod2/morphix/files/avr/bin/../lib/gcc/avr/3.4.3/../../../../avr/lib/avr5/crtm128.o
__vector_23                                       /mnt/mini/mod2/morphix/files/avr/bin/../lib/gcc/avr/3.4.3/../../../../avr/lib/avr5/crtm128.o
__vector_24                                       /mnt/mini/mod2/morphix/files/avr/bin/../lib/gcc/avr/3.4.3/../../../../avr/lib/avr5/crtm128.o
__vector_25                                       /mnt/mini/mod2/morphix/files/avr/bin/../lib/gcc/avr/3.4.3/../../../../avr/lib/avr5/crtm128.o
__vector_26                                       /mnt/mini/mod2/morphix/files/avr/bin/../lib/gcc/avr/3.4.3/../../../../avr/lib/avr5/crtm128.o
__vector_27                                       /mnt/mini/mod2/morphix/files/avr/bin/../lib/gcc/avr/3.4.3/../../../../avr/lib/avr5/crtm128.o
__vector_28                                       /mnt/mini/mod2/morphix/files/avr/bin/../lib/gcc/avr/3.4.3/../../../../avr/lib/avr5/crtm128.o
__vector_29                                       /mnt/mini/mod2/morphix/files/avr/bin/../lib/gcc/avr/3.4.3/../../../../avr/lib/avr5/crtm128.o
__vector_3                                        /mnt/mini/mod2/morphix/files/avr/bin/../lib/gcc/avr/3.4.3/../../../../avr/lib/avr5/crtm128.o
__vector_30                                       /mnt/mini/mod2/morphix/files/avr/bin/../lib/gcc/avr/3.4.3/../../../../avr/lib/avr5/crtm128.o
__vector_31                                       /mnt/mini/mod2/morphix/files/avr/bin/../lib/gcc/avr/3.4.3/../../../../avr/lib/avr5/crtm128.o
__vector_32                                       /mnt/mini/mod2/morphix/files/avr/bin/../lib/gcc/avr/3.4.3/../../../../avr/lib/avr5/crtm128.o
__vector_33                                       /mnt/mini/mod2/morphix/files/avr/bin/../lib/gcc/avr/3.4.3/../../../../avr/lib/avr5/crtm128.o
__vector_34                                       /mnt/mini/mod2/morphix/files/avr/bin/../lib/gcc/avr/3.4.3/../../../../avr/lib/avr5/crtm128.o
__vector_4                                        /mnt/mini/mod2/morphix/files/avr/bin/../lib/gcc/avr/3.4.3/../../../../avr/lib/avr5/crtm128.o
__vector_5                                        /mnt/mini/mod2/morphix/files/avr/bin/../lib/gcc/avr/3.4.3/../../../../avr/lib/avr5/crtm128.o
__vector_6                                        /mnt/mini/mod2/morphix/files/avr/bin/../lib/gcc/avr/3.4.3/../../../../avr/lib/avr5/crtm128.o
__vector_7                                        /mnt/mini/mod2/morphix/files/avr/bin/../lib/gcc/avr/3.4.3/../../../../avr/lib/avr5/crtm128.o
__vector_8                                        /mnt/mini/mod2/morphix/files/avr/bin/../lib/gcc/avr/3.4.3/../../../../avr/lib/avr5/crtm128.o
__vector_9                                        /mnt/mini/mod2/morphix/files/avr/bin/../lib/gcc/avr/3.4.3/../../../../avr/lib/avr5/crtm128.o
__vector_default                                  /mnt/mini/mod2/morphix/files/avr/bin/../lib/gcc/avr/3.4.3/../../../../avr/lib/avr5/crtm128.o
__vectors                                         /mnt/mini/mod2/morphix/files/avr/bin/../lib/gcc/avr/3.4.3/../../../../avr/lib/avr5/crtm128.o
ascii_tab                                         disp.o
backcolor                                         disp.o
                                                  simple.o
fill_screen                                       disp.o
                                                  simple.o
lcd_cmd                                           disp.o
lcd_cspulse                                       disp.o
lcd_dat0                                          disp.o
lcd_dat16                                         disp.o
lcd_init_c                                        disp.o
                                                  simple.o
lcd_write                                         disp.o
main                                              simple.o
                                                  /mnt/mini/mod2/morphix/files/avr/bin/../lib/gcc/avr/3.4.3/../../../../avr/lib/avr5/crtm128.o
port_init                                         disp.o
                                                  simple.o
pot10                                             simple.o
print_str                                         simple.o
put_char                                          disp.o
                                                  simple.o
textcolor                                         disp.o
                                                  simple.o
ubi2dec                                           simple.o
