Archive member included because of file (symbol)

d:/winavr/bin/../lib/gcc/avr/4.3.3/avr5\libgcc.a(_exit.o)
                              d:/winavr/bin/../lib/gcc/avr/4.3.3/../../../../avr/lib/avr5/crtm164a.o (exit)
d:/winavr/bin/../lib/gcc/avr/4.3.3/avr5\libgcc.a(_copy_data.o)
                              main.o (__do_copy_data)
d:/winavr/bin/../lib/gcc/avr/4.3.3/avr5\libgcc.a(_clear_bss.o)
                              main.o (__do_clear_bss)

Allocating common symbols
Common symbol       size              file

RX1_Buffer          0xa0              main.o
RX1_Buf_Pos         0x1               main.o
Table               0x100             main.o
RX0_Buf_Pos         0x1               main.o
RX0_Buffer          0xa0              main.o
TX_Buffer           0x20              main.o
addr                0x4               main.o
Font_16x16          0x100             main.o

Memory Configuration

Name             Origin             Length             Attributes
text             0x00000000         0x00020000         xr
data             0x00800060         0x0000ffa0         rw !x
eeprom           0x00810000         0x00010000         rw !x
fuse             0x00820000         0x00000400         rw !x
lock             0x00830000         0x00000400         rw !x
signature        0x00840000         0x00000400         rw !x
*default*        0x00000000         0xffffffff

Linker script and memory map

Address of section .data set to 0x800100
LOAD d:/winavr/bin/../lib/gcc/avr/4.3.3/../../../../avr/lib/avr5/crtm164a.o
LOAD main.o
LOAD d:/winavr/bin/../lib/gcc/avr/4.3.3/../../../../avr/lib/avr5\libm.a
LOAD d:/winavr/bin/../lib/gcc/avr/4.3.3/avr5\libgcc.a
LOAD d:/winavr/bin/../lib/gcc/avr/4.3.3/../../../../avr/lib/avr5\libc.a
LOAD d:/winavr/bin/../lib/gcc/avr/4.3.3/avr5\libgcc.a

.hash
 *(.hash)

.dynsym
 *(.dynsym)

.dynstr
 *(.dynstr)

.gnu.version
 *(.gnu.version)

.gnu.version_d
 *(.gnu.version_d)

.gnu.version_r
 *(.gnu.version_r)

.rel.init
 *(.rel.init)

.rela.init
 *(.rela.init)

.rel.text
 *(.rel.text)
 *(.rel.text.*)
 *(.rel.gnu.linkonce.t*)

.rela.text
 *(.rela.text)
 *(.rela.text.*)
 *(.rela.gnu.linkonce.t*)

.rel.fini
 *(.rel.fini)

.rela.fini
 *(.rela.fini)

.rel.rodata
 *(.rel.rodata)
 *(.rel.rodata.*)
 *(.rel.gnu.linkonce.r*)

.rela.rodata
 *(.rela.rodata)
 *(.rela.rodata.*)
 *(.rela.gnu.linkonce.r*)

.rel.data
 *(.rel.data)
 *(.rel.data.*)
 *(.rel.gnu.linkonce.d*)

.rela.data
 *(.rela.data)
 *(.rela.data.*)
 *(.rela.gnu.linkonce.d*)

.rel.ctors
 *(.rel.ctors)

.rela.ctors
 *(.rela.ctors)

.rel.dtors
 *(.rel.dtors)

.rela.dtors
 *(.rela.dtors)

.rel.got
 *(.rel.got)

.rela.got
 *(.rela.got)

.rel.bss
 *(.rel.bss)

.rela.bss
 *(.rela.bss)

.rel.plt
 *(.rel.plt)

.rela.plt
 *(.rela.plt)

.text           0x00000000     0x106c
 *(.vectors)
 .vectors       0x00000000       0x7c d:/winavr/bin/../lib/gcc/avr/4.3.3/../../../../avr/lib/avr5/crtm164a.o
                0x00000000                __vectors
                0x00000000                __vector_default
 *(.vectors)
 *(.progmem.gcc*)
 *(.progmem*)
 .progmem.data  0x0000007c      0x597 main.o
                0x0000007c                ascii_tab
                0x00000614                . = ALIGN (0x2)
 *fill*         0x00000613        0x1 00
                0x00000614                __trampolines_start = .
 *(.trampolines)
 .trampolines   0x00000614        0x0 linker stubs
 *(.trampolines*)
                0x00000614                __trampolines_end = .
 *(.jumptables)
 *(.jumptables*)
 *(.lowtext)
 *(.lowtext*)
                0x00000614                __ctors_start = .
 *(.ctors)
                0x00000614                __ctors_end = .
                0x00000614                __dtors_start = .
 *(.dtors)
                0x00000614                __dtors_end = .
 SORT(*)(.ctors)
 SORT(*)(.dtors)
 *(.init0)
 .init0         0x00000614        0x0 d:/winavr/bin/../lib/gcc/avr/4.3.3/../../../../avr/lib/avr5/crtm164a.o
                0x00000614                __init
 *(.init0)
 *(.init1)
 *(.init1)
 *(.init2)
 .init2         0x00000614        0xc d:/winavr/bin/../lib/gcc/avr/4.3.3/../../../../avr/lib/avr5/crtm164a.o
 *(.init2)
 *(.init3)
 *(.init3)
 *(.init4)
 .init4         0x00000620       0x16 d:/winavr/bin/../lib/gcc/avr/4.3.3/avr5\libgcc.a(_copy_data.o)
                0x00000620                __do_copy_data
 .init4         0x00000636       0x10 d:/winavr/bin/../lib/gcc/avr/4.3.3/avr5\libgcc.a(_clear_bss.o)
                0x00000636                __do_clear_bss
 *(.init4)
 *(.init5)
 *(.init5)
 *(.init6)
 *(.init6)
 *(.init7)
 *(.init7)
 *(.init8)
 *(.init8)
 *(.init9)
 .init9         0x00000646        0x8 d:/winavr/bin/../lib/gcc/avr/4.3.3/../../../../avr/lib/avr5/crtm164a.o
 *(.init9)
 *(.text)
 .text          0x0000064e        0x4 d:/winavr/bin/../lib/gcc/avr/4.3.3/../../../../avr/lib/avr5/crtm164a.o
                0x0000064e                __vector_22
                0x0000064e                __vector_1
                0x0000064e                __vector_24
                0x0000064e                __vector_12
                0x0000064e                __bad_interrupt
                0x0000064e                __vector_6
                0x0000064e                __vector_3
                0x0000064e                __vector_23
                0x0000064e                __vector_30
                0x0000064e                __vector_25
                0x0000064e                __vector_11
                0x0000064e                __vector_13
                0x0000064e                __vector_17
                0x0000064e                __vector_19
                0x0000064e                __vector_7
                0x0000064e                __vector_27
                0x0000064e                __vector_5
                0x0000064e                __vector_4
                0x0000064e                __vector_9
                0x0000064e                __vector_2
                0x0000064e                __vector_21
                0x0000064e                __vector_15
                0x0000064e                __vector_29
                0x0000064e                __vector_8
                0x0000064e                __vector_26
                0x0000064e                __vector_14
                0x0000064e                __vector_10
                0x0000064e                __vector_16
                0x0000064e                __vector_18
 .text          0x00000652      0xa16 main.o
                0x00000652                port_init
                0x000008d8                fill_screen
                0x00000eb2                __vector_28
                0x00000674                lcd_write
                0x00000ae8                print_str
                0x000006a6                lcd_dat16
                0x00000694                lcd_dat0
                0x000006c0                lcd_init_c
                0x000006b8                lcd_cspulse
                0x00000a8e                ubi2dec
                0x00000cd4                main
                0x0000067e                lcd_cmd
                0x00000de8                __vector_20
                0x00000980                put_char
 .text          0x00001068        0x0 d:/winavr/bin/../lib/gcc/avr/4.3.3/avr5\libgcc.a(_exit.o)
 .text          0x00001068        0x0 d:/winavr/bin/../lib/gcc/avr/4.3.3/avr5\libgcc.a(_copy_data.o)
 .text          0x00001068        0x0 d:/winavr/bin/../lib/gcc/avr/4.3.3/avr5\libgcc.a(_clear_bss.o)
                0x00001068                . = ALIGN (0x2)
 *(.text.*)
 .text.libgcc   0x00001068        0x0 d:/winavr/bin/../lib/gcc/avr/4.3.3/avr5\libgcc.a(_exit.o)
 .text.libgcc   0x00001068        0x0 d:/winavr/bin/../lib/gcc/avr/4.3.3/avr5\libgcc.a(_copy_data.o)
 .text.libgcc   0x00001068        0x0 d:/winavr/bin/../lib/gcc/avr/4.3.3/avr5\libgcc.a(_clear_bss.o)
                0x00001068                . = ALIGN (0x2)
 *(.fini9)
 .fini9         0x00001068        0x0 d:/winavr/bin/../lib/gcc/avr/4.3.3/avr5\libgcc.a(_exit.o)
                0x00001068                exit
                0x00001068                _exit
 *(.fini9)
 *(.fini8)
 *(.fini8)
 *(.fini7)
 *(.fini7)
 *(.fini6)
 *(.fini6)
 *(.fini5)
 *(.fini5)
 *(.fini4)
 *(.fini4)
 *(.fini3)
 *(.fini3)
 *(.fini2)
 *(.fini2)
 *(.fini1)
 *(.fini1)
 *(.fini0)
 .fini0         0x00001068        0x4 d:/winavr/bin/../lib/gcc/avr/4.3.3/avr5\libgcc.a(_exit.o)
 *(.fini0)
                0x0000106c                _etext = .

.data           0x00800100       0x16 load address 0x0000106c
                0x00800100                PROVIDE (__data_start, .)
 *(.data)
 .data          0x00800100        0x0 d:/winavr/bin/../lib/gcc/avr/4.3.3/../../../../avr/lib/avr5/crtm164a.o
 .data          0x00800100       0x15 main.o
                0x0080010d                pot10
                0x0080010b                backcolor
 .data          0x00800115        0x0 d:/winavr/bin/../lib/gcc/avr/4.3.3/avr5\libgcc.a(_exit.o)
 .data          0x00800115        0x0 d:/winavr/bin/../lib/gcc/avr/4.3.3/avr5\libgcc.a(_copy_data.o)
 .data          0x00800115        0x0 d:/winavr/bin/../lib/gcc/avr/4.3.3/avr5\libgcc.a(_clear_bss.o)
 *(.data*)
 *(.rodata)
 *(.rodata*)
 *(.gnu.linkonce.d*)
                0x00800116                . = ALIGN (0x2)
 *fill*         0x00800115        0x1 00
                0x00800116                _edata = .
                0x00800116                PROVIDE (__data_end, .)

.bss            0x00800116      0x368
                0x00800116                PROVIDE (__bss_start, .)
 *(.bss)
 .bss           0x00800116        0x0 d:/winavr/bin/../lib/gcc/avr/4.3.3/../../../../avr/lib/avr5/crtm164a.o
 .bss           0x00800116        0x2 main.o
                0x00800116                textcolor
 .bss           0x00800118        0x0 d:/winavr/bin/../lib/gcc/avr/4.3.3/avr5\libgcc.a(_exit.o)
 .bss           0x00800118        0x0 d:/winavr/bin/../lib/gcc/avr/4.3.3/avr5\libgcc.a(_copy_data.o)
 .bss           0x00800118        0x0 d:/winavr/bin/../lib/gcc/avr/4.3.3/avr5\libgcc.a(_clear_bss.o)
 *(.bss*)
 *(COMMON)
 COMMON         0x00800118      0x366 main.o
                0x00800118                RX1_Buffer
                0x008001b8                RX1_Buf_Pos
                0x008001b9                Table
                0x008002b9                RX0_Buf_Pos
                0x008002ba                RX0_Buffer
                0x0080035a                TX_Buffer
                0x0080037a                addr
                0x0080037e                Font_16x16
                0x0080047e                PROVIDE (__bss_end, .)
                0x0000106c                __data_load_start = LOADADDR (.data)
                0x00001082                __data_load_end = (__data_load_start + SIZEOF (.data))

.noinit         0x0080047e        0x0
                0x0080047e                PROVIDE (__noinit_start, .)
 *(.noinit*)
                0x0080047e                PROVIDE (__noinit_end, .)
                0x0080047e                _end = .
                0x0080047e                PROVIDE (__heap_start, .)

.eeprom         0x00810000        0x0
 *(.eeprom*)
                0x00810000                __eeprom_end = .

.fuse
 *(.fuse)
 *(.lfuse)
 *(.hfuse)
 *(.efuse)

.lock
 *(.lock*)

.signature
 *(.signature*)

.stab
 *(.stab)

.stabstr
 *(.stabstr)

.stab.excl
 *(.stab.excl)

.stab.exclstr
 *(.stab.exclstr)

.stab.index
 *(.stab.index)

.stab.indexstr
 *(.stab.indexstr)

.comment
 *(.comment)

.debug
 *(.debug)

.line
 *(.line)

.debug_srcinfo
 *(.debug_srcinfo)

.debug_sfnames
 *(.debug_sfnames)

.debug_aranges  0x00000000       0x20
 *(.debug_aranges)
 .debug_aranges
                0x00000000       0x20 main.o

.debug_pubnames
                0x00000000      0x176
 *(.debug_pubnames)
 .debug_pubnames
                0x00000000      0x176 main.o

.debug_info     0x00000000     0x1690
 *(.debug_info)
 .debug_info    0x00000000     0x1690 main.o
 *(.gnu.linkonce.wi.*)

.debug_abbrev   0x00000000      0x31e
 *(.debug_abbrev)
 .debug_abbrev  0x00000000      0x31e main.o

.debug_line     0x00000000      0xf6d
 *(.debug_line)
 .debug_line    0x00000000      0xf6d main.o

.debug_frame    0x00000000      0x100
 *(.debug_frame)
 .debug_frame   0x00000000      0x100 main.o

.debug_str      0x00000000      0x2ab
 *(.debug_str)
 .debug_str     0x00000000      0x2ab main.o
                                0x2ea (size before relaxing)

.debug_loc      0x00000000      0x4a1
 *(.debug_loc)
 .debug_loc     0x00000000      0x4a1 main.o

.debug_macinfo
 *(.debug_macinfo)
OUTPUT(main.elf elf32-avr)
LOAD linker stubs

.debug_ranges   0x00000000       0x78
 .debug_ranges  0x00000000       0x78 main.o

Cross Reference Table

Symbol                                            File
Font_16x16                                        main.o
RX0_Buf_Pos                                       main.o
RX0_Buffer                                        main.o
RX1_Buf_Pos                                       main.o
RX1_Buffer                                        main.o
TX_Buffer                                         main.o
Table                                             main.o
__bad_interrupt                                   d:/winavr/bin/../lib/gcc/avr/4.3.3/../../../../avr/lib/avr5/crtm164a.o
__bss_end                                         d:/winavr/bin/../lib/gcc/avr/4.3.3/avr5\libgcc.a(_clear_bss.o)
__bss_start                                       d:/winavr/bin/../lib/gcc/avr/4.3.3/avr5\libgcc.a(_clear_bss.o)
__data_end                                        d:/winavr/bin/../lib/gcc/avr/4.3.3/avr5\libgcc.a(_copy_data.o)
__data_load_start                                 d:/winavr/bin/../lib/gcc/avr/4.3.3/avr5\libgcc.a(_copy_data.o)
__data_start                                      d:/winavr/bin/../lib/gcc/avr/4.3.3/avr5\libgcc.a(_copy_data.o)
__do_clear_bss                                    d:/winavr/bin/../lib/gcc/avr/4.3.3/avr5\libgcc.a(_clear_bss.o)
                                                  main.o
__do_copy_data                                    d:/winavr/bin/../lib/gcc/avr/4.3.3/avr5\libgcc.a(_copy_data.o)
                                                  main.o
__heap_end                                        d:/winavr/bin/../lib/gcc/avr/4.3.3/../../../../avr/lib/avr5/crtm164a.o
__init                                            d:/winavr/bin/../lib/gcc/avr/4.3.3/../../../../avr/lib/avr5/crtm164a.o
__stack                                           d:/winavr/bin/../lib/gcc/avr/4.3.3/../../../../avr/lib/avr5/crtm164a.o
__vector_1                                        d:/winavr/bin/../lib/gcc/avr/4.3.3/../../../../avr/lib/avr5/crtm164a.o
__vector_10                                       d:/winavr/bin/../lib/gcc/avr/4.3.3/../../../../avr/lib/avr5/crtm164a.o
__vector_11                                       d:/winavr/bin/../lib/gcc/avr/4.3.3/../../../../avr/lib/avr5/crtm164a.o
__vector_12                                       d:/winavr/bin/../lib/gcc/avr/4.3.3/../../../../avr/lib/avr5/crtm164a.o
__vector_13                                       d:/winavr/bin/../lib/gcc/avr/4.3.3/../../../../avr/lib/avr5/crtm164a.o
__vector_14                                       d:/winavr/bin/../lib/gcc/avr/4.3.3/../../../../avr/lib/avr5/crtm164a.o
__vector_15                                       d:/winavr/bin/../lib/gcc/avr/4.3.3/../../../../avr/lib/avr5/crtm164a.o
__vector_16                                       d:/winavr/bin/../lib/gcc/avr/4.3.3/../../../../avr/lib/avr5/crtm164a.o
__vector_17                                       d:/winavr/bin/../lib/gcc/avr/4.3.3/../../../../avr/lib/avr5/crtm164a.o
__vector_18                                       d:/winavr/bin/../lib/gcc/avr/4.3.3/../../../../avr/lib/avr5/crtm164a.o
__vector_19                                       d:/winavr/bin/../lib/gcc/avr/4.3.3/../../../../avr/lib/avr5/crtm164a.o
__vector_2                                        d:/winavr/bin/../lib/gcc/avr/4.3.3/../../../../avr/lib/avr5/crtm164a.o
__vector_20                                       main.o
                                                  d:/winavr/bin/../lib/gcc/avr/4.3.3/../../../../avr/lib/avr5/crtm164a.o
__vector_21                                       d:/winavr/bin/../lib/gcc/avr/4.3.3/../../../../avr/lib/avr5/crtm164a.o
__vector_22                                       d:/winavr/bin/../lib/gcc/avr/4.3.3/../../../../avr/lib/avr5/crtm164a.o
__vector_23                                       d:/winavr/bin/../lib/gcc/avr/4.3.3/../../../../avr/lib/avr5/crtm164a.o
__vector_24                                       d:/winavr/bin/../lib/gcc/avr/4.3.3/../../../../avr/lib/avr5/crtm164a.o
__vector_25                                       d:/winavr/bin/../lib/gcc/avr/4.3.3/../../../../avr/lib/avr5/crtm164a.o
__vector_26                                       d:/winavr/bin/../lib/gcc/avr/4.3.3/../../../../avr/lib/avr5/crtm164a.o
__vector_27                                       d:/winavr/bin/../lib/gcc/avr/4.3.3/../../../../avr/lib/avr5/crtm164a.o
__vector_28                                       main.o
                                                  d:/winavr/bin/../lib/gcc/avr/4.3.3/../../../../avr/lib/avr5/crtm164a.o
__vector_29                                       d:/winavr/bin/../lib/gcc/avr/4.3.3/../../../../avr/lib/avr5/crtm164a.o
__vector_3                                        d:/winavr/bin/../lib/gcc/avr/4.3.3/../../../../avr/lib/avr5/crtm164a.o
__vector_30                                       d:/winavr/bin/../lib/gcc/avr/4.3.3/../../../../avr/lib/avr5/crtm164a.o
__vector_4                                        d:/winavr/bin/../lib/gcc/avr/4.3.3/../../../../avr/lib/avr5/crtm164a.o
__vector_5                                        d:/winavr/bin/../lib/gcc/avr/4.3.3/../../../../avr/lib/avr5/crtm164a.o
__vector_6                                        d:/winavr/bin/../lib/gcc/avr/4.3.3/../../../../avr/lib/avr5/crtm164a.o
__vector_7                                        d:/winavr/bin/../lib/gcc/avr/4.3.3/../../../../avr/lib/avr5/crtm164a.o
__vector_8                                        d:/winavr/bin/../lib/gcc/avr/4.3.3/../../../../avr/lib/avr5/crtm164a.o
__vector_9                                        d:/winavr/bin/../lib/gcc/avr/4.3.3/../../../../avr/lib/avr5/crtm164a.o
__vector_default                                  d:/winavr/bin/../lib/gcc/avr/4.3.3/../../../../avr/lib/avr5/crtm164a.o
__vectors                                         d:/winavr/bin/../lib/gcc/avr/4.3.3/../../../../avr/lib/avr5/crtm164a.o
_exit                                             d:/winavr/bin/../lib/gcc/avr/4.3.3/avr5\libgcc.a(_exit.o)
addr                                              main.o
ascii_tab                                         main.o
backcolor                                         main.o
exit                                              d:/winavr/bin/../lib/gcc/avr/4.3.3/avr5\libgcc.a(_exit.o)
                                                  d:/winavr/bin/../lib/gcc/avr/4.3.3/../../../../avr/lib/avr5/crtm164a.o
fill_screen                                       main.o
lcd_cmd                                           main.o
lcd_cspulse                                       main.o
lcd_dat0                                          main.o
lcd_dat16                                         main.o
lcd_init_c                                        main.o
lcd_write                                         main.o
main                                              main.o
                                                  d:/winavr/bin/../lib/gcc/avr/4.3.3/../../../../avr/lib/avr5/crtm164a.o
port_init                                         main.o
pot10                                             main.o
print_str                                         main.o
put_char                                          main.o
textcolor                                         main.o
ubi2dec                                           main.o
